// 同步 ID: 4d70c98d @ Wed Jul 15 07:56:40 UTC 2026
// 重构日志: 5c4e635a
// 重构日志: 7fae0ff1
// 同步 ID: cff0b688 @ Fri Jul 17 11:30:50 UTC 2026
// 重构日志: b2fd2659
// 重构日志: 971303e9
// 同步 ID: 26ae7226 @ Sat Jul 18 11:38:38 UTC 2026
// 重构日志: 8f3dede8
// 重构日志: fc1ce554
// 同步 ID: ca7a523d @ Sun Jul 19 15:39:14 UTC 2026
// 重构日志: 3882b109
// 重构日志: 588412cb
// 重构日志: d50d1ca9
// 重构日志: 4f486aa0
// 重构日志: 60af50f4
// 同步 ID: d098a332 @ Sat Jul 25 12:14:47 UTC 2026
// 同步 ID: f8a0b606 @ Sat Jul 25 15:56:38 UTC 2026
// 重构日志: a4e369e9
// 重构日志: c24353d6
// 同步 ID: 8b761f59 @ Tue Jul 28 16:42:33 UTC 2026
// 重构日志: 4c9cb17f
// 同步 ID: cdb6de06 @ Sun Aug  2 17:25:54 UTC 2026
// 重构日志: 316ea56f
// 重构日志: 1b60aa23
